
Memory Configuration

Name             Origin             Length             Attributes
*default*        0x0000000000000000 0xffffffffffffffff

Linker script and memory map

LOAD /opt/riscv/lib/gcc/riscv64-unknown-elf/10.1.0/libgcc.a
LOAD crt0.o
LOAD printf.o
LOAD cmark.o
LOAD /opt/riscv/lib/gcc/riscv64-unknown-elf/10.1.0/libgcc.a
START GROUP
LOAD /opt/riscv/lib/gcc/riscv64-unknown-elf/10.1.0/../../../../riscv64-unknown-elf/lib/libc.a
LOAD /opt/riscv/lib/gcc/riscv64-unknown-elf/10.1.0/../../../../riscv64-unknown-elf/lib/libgloss.a
END GROUP
LOAD /opt/riscv/lib/gcc/riscv64-unknown-elf/10.1.0/libgcc.a
                0x0000000000000000                . = 0x0

.text           0x0000000000000000     0x8850
 *(.text*)
 .text          0x0000000000000000        0x0 crt0.o
 .text.init     0x0000000000000000       0x46 crt0.o
                0x0000000000000000                _start
                0x0000000000000018                _finish
 .text          0x0000000000000046      0xaf8 printf.o
                0x0000000000000046                whisperPrintfImpl
                0x0000000000000980                whisperPrintf
                0x00000000000009a4                putchar
                0x00000000000009b2                putc
                0x00000000000009c0                puts
                0x0000000000000a30                printf
                0x0000000000000a54                get_mcycle
 .text          0x0000000000000b3e     0x6fe8 cmark.o
                0x0000000000000b3e                cmp_idx
                0x0000000000000b90                copy_info
                0x0000000000000ba2                core_list_init
                0x0000000000000fb0                core_list_insert_new
                0x0000000000001000                core_list_remove
                0x0000000000001016                core_list_undo_remove
                0x0000000000001026                core_list_find
                0x0000000000001062                core_list_reverse
                0x00000000000010d8                core_list_mergesort
                0x00000000000011f0                matrix_test
                0x00000000000031d2                core_bench_matrix
                0x0000000000003452                core_init_matrix
                0x00000000000036bc                matrix_sum
                0x00000000000038c4                matrix_mul_const
                0x0000000000003a1e                matrix_add_const
                0x0000000000003dcc                matrix_mul_vect
                0x0000000000003f8c                matrix_mul_matrix
                0x0000000000004194                matrix_mul_matrix_bitextract
                0x0000000000004364                core_init_state
                0x00000000000044f2                core_state_transition
                0x0000000000004774                core_bench_state
                0x000000000000520a                calc_func
                0x00000000000057a8                cmp_complex
                0x00000000000062b4                core_bench_list
                0x0000000000006b5e                iterate
                0x0000000000006fbc                get_seed_32
                0x0000000000007014                crcu8
                0x000000000000713c                crcu16
                0x0000000000007398                crcu32
                0x000000000000785a                crc16
                0x0000000000007aba                check_data_types
                0x0000000000007abe                start_time
                0x0000000000007ad2                stop_time
                0x0000000000007ae6                get_time
                0x0000000000007af8                time_in_secs
                0x0000000000007b02                portable_init
                0x0000000000007b0a                portable_fini
                0x0000000000007b10                memset
 .text.startup  0x0000000000007b26      0xd2a cmark.o
                0x0000000000007b26                main
                0x0000000000008850                _end = .

.srodata.cst8   0x0000000000008850       0x10
 .srodata.cst8  0x0000000000008850       0x10 cmark.o

.rela.dyn       0x0000000000008860        0x0
 .rela.text.init
                0x0000000000008860        0x0 crt0.o
                0x0000000000010000                . = 0x10000

.data           0x0000000000010000      0x65e
 *(.*data)
 .data          0x0000000000010000        0x0 crt0.o
 .data          0x0000000000010000        0x0 printf.o
 .rodata        0x0000000000010000       0x84 printf.o
 *fill*         0x0000000000010084        0x4 
 .data          0x0000000000010088       0x18 cmark.o
                0x0000000000010088                mem_name
 .rodata        0x00000000000100a0       0x98 cmark.o
 .sdata         0x0000000000010138       0x10 cmark.o
                0x0000000000010138                default_num_contexts
                0x0000000000010140                seed4_volatile
                0x0000000000010144                seed3_volatile
 *(.rodata*)
 .rodata.str1.8
                0x0000000000010148      0x516 cmark.o
                0x0000000000018660                STACK = (ALIGN (0x10) + 0x8000)

.bss            0x0000000000010660      0x7d0
 *(.bss)
 .bss           0x0000000000010660        0x0 crt0.o
 .bss           0x0000000000010660        0x0 printf.o
 .bss           0x0000000000010660      0x7d0 cmark.o
                0x0000000000010660                static_memblk

.sbss           0x0000000000010e30       0x1c
 .sbss          0x0000000000010e30       0x1c cmark.o
                0x0000000000010e40                seed5_volatile
                0x0000000000010e44                seed2_volatile
                0x0000000000010e48                seed1_volatile
                0x0000000070580000                . = 0x70580000

.data.io        0x0000000070580000        0x4
 *(.data.io)
 .data.io       0x0000000070580000        0x4 crt0.o
                0x0000000070580000                tohost
OUTPUT(cmark.exe elf64-littleriscv)

.riscv.attributes
                0x0000000000000000       0x2a
 .riscv.attributes
                0x0000000000000000       0x28 crt0.o
 .riscv.attributes
                0x0000000000000028       0x2a printf.o
 .riscv.attributes
                0x0000000000000052       0x2a cmark.o

.comment        0x0000000000000000       0x12
 .comment       0x0000000000000000       0x12 printf.o
                                         0x13 (size before relaxing)
 .comment       0x0000000000000012       0x13 cmark.o

.debug_info     0x0000000000000000     0x51b3
 .debug_info    0x0000000000000000      0xa1a printf.o
 .debug_info    0x0000000000000a1a     0x4799 cmark.o

.debug_abbrev   0x0000000000000000      0x6d7
 .debug_abbrev  0x0000000000000000      0x2ea printf.o
 .debug_abbrev  0x00000000000002ea      0x3ed cmark.o

.debug_loc      0x0000000000000000    0x16265
 .debug_loc     0x0000000000000000     0x1720 printf.o
 .debug_loc     0x0000000000001720    0x14b45 cmark.o

.debug_aranges  0x0000000000000000       0x70
 .debug_aranges
                0x0000000000000000       0x30 printf.o
 .debug_aranges
                0x0000000000000030       0x40 cmark.o

.debug_ranges   0x0000000000000000     0x32e0
 .debug_ranges  0x0000000000000000      0xdf0 printf.o
 .debug_ranges  0x0000000000000df0     0x24f0 cmark.o

.debug_line     0x0000000000000000    0x1a3fd
 .debug_line    0x0000000000000000     0x2b53 printf.o
 .debug_line    0x0000000000002b53    0x178aa cmark.o

.debug_str      0x0000000000000000      0x938
 .debug_str     0x0000000000000000      0x21d printf.o
                                        0x273 (size before relaxing)
 .debug_str     0x000000000000021d      0x71b cmark.o
                                        0x865 (size before relaxing)

.debug_frame    0x0000000000000000      0x828
 .debug_frame   0x0000000000000000      0x120 printf.o
 .debug_frame   0x0000000000000120      0x708 cmark.o
